Traceback (most recent call last):
  File "<frozen runpy>", line 198, in _run_module_as_main
  File "<frozen runpy>", line 88, in _run_code
  File "/home/trieu/D/Quantum_Repo/software_stack_hpcqc/hpqc/hpc/client.py", line 56, in <module>
    main()
  File "/home/trieu/D/Quantum_Repo/software_stack_hpcqc/hpqc/hpc/client.py", line 45, in main
    result = client.invoke(
             ^^^^^^^^^^^^^^
  File "/home/trieu/D/Quantum_Repo/software_stack_hpcqc/hpqc/hpc/client.py", line 25, in invoke
    response = self._stub.Invoke(request)
               ^^^^^^^^^^^^^^^^^^^^^^^^^^
  File "/home/trieu/anaconda3/envs/HPQCthayNam/lib/python3.12/site-packages/grpc/_channel.py", line 1159, in __call__
    return _end_unary_response_blocking(state, call, False, None)
           ^^^^^^^^^^^^^^^^^^^^^^^^^^^^^^^^^^^^^^^^^^^^^^^^^^^^^^
  File "/home/trieu/anaconda3/envs/HPQCthayNam/lib/python3.12/site-packages/grpc/_channel.py", line 990, in _end_unary_response_blocking
    raise _InactiveRpcError(state)  # pytype: disable=not-instantiable
    ^^^^^^^^^^^^^^^^^^^^^^^^^^^^^^
grpc._channel._InactiveRpcError: <_InactiveRpcError of RPC that terminated with:
	status = StatusCode.UNAVAILABLE
	details = "failed to connect to all addresses; last error: UNKNOWN: ipv4:127.0.0.1:50051: Failed to connect to remote host: Connection refused"
	debug_error_string = "UNKNOWN:Error received from peer  {grpc_message:"failed to connect to all addresses; last error: UNKNOWN: ipv4:127.0.0.1:50051: Failed to connect to remote host: Connection refused", grpc_status:14}"
>
